mode: set
go.cipher.host/cmdkit/internal/term/term.go:11.30,13.2 1 1
go.cipher.host/cmdkit/internal/term/term_unix.go:23.42,27.15 3 1
go.cipher.host/cmdkit/internal/term/term_unix.go:27.15,29.3 1 1
go.cipher.host/cmdkit/internal/term/term_unix.go:31.2,31.15 1 0
go.cipher.host/cmdkit/internal/term/term_unix.go:34.30,38.2 2 1
go.cipher.host/cmdkit/internal/xflag/shorthand.go:36.72,37.15 1 1
go.cipher.host/cmdkit/internal/xflag/shorthand.go:37.15,39.3 1 1
go.cipher.host/cmdkit/internal/xflag/shorthand.go:41.2,46.32 2 1
go.cipher.host/cmdkit/internal/xflag/shorthand.go:46.32,49.3 2 1
go.cipher.host/cmdkit/internal/xflag/shorthand.go:51.2,53.33 2 1
go.cipher.host/cmdkit/internal/xflag/shorthand.go:53.33,56.41 2 1
go.cipher.host/cmdkit/internal/xflag/shorthand.go:56.41,58.4 1 1
go.cipher.host/cmdkit/internal/xflag/shorthand.go:60.3,62.23 2 1
go.cipher.host/cmdkit/internal/xflag/shorthand.go:62.23,64.4 1 1
go.cipher.host/cmdkit/internal/xflag/shorthand.go:67.2,67.33 1 1
go.cipher.host/cmdkit/internal/xflag/shorthand.go:67.33,68.41 1 1
go.cipher.host/cmdkit/internal/xflag/shorthand.go:68.41,70.4 1 1
go.cipher.host/cmdkit/internal/xflag/shorthand.go:70.9,70.34 1 1
go.cipher.host/cmdkit/internal/xflag/shorthand.go:70.34,72.4 1 1
go.cipher.host/cmdkit/internal/xflag/shorthand.go:76.85,83.2 2 1
go.cipher.host/cmdkit/internal/xflag/shorthand.go:85.60,92.2 2 1
go.cipher.host/cmdkit/internal/xflag/shorthand.go:94.43,99.22 3 1
go.cipher.host/cmdkit/internal/xflag/shorthand.go:99.22,103.3 3 1
go.cipher.host/cmdkit/internal/xflag/shorthand.go:105.2,105.25 1 1
go.cipher.host/cmdkit/app.go:102.50,103.16 1 1
go.cipher.host/cmdkit/app.go:103.16,105.3 1 1
go.cipher.host/cmdkit/app.go:107.2,107.19 1 1
go.cipher.host/cmdkit/app.go:107.19,109.9 2 1
go.cipher.host/cmdkit/app.go:109.9,111.4 1 1
go.cipher.host/cmdkit/app.go:111.9,113.4 1 0
go.cipher.host/cmdkit/app.go:116.2,136.12 9 1
go.cipher.host/cmdkit/app.go:141.40,145.2 2 1
go.cipher.host/cmdkit/app.go:155.52,156.41 1 1
go.cipher.host/cmdkit/app.go:156.41,162.3 1 1
go.cipher.host/cmdkit/app.go:169.40,172.44 2 1
go.cipher.host/cmdkit/app.go:172.44,173.35 1 0
go.cipher.host/cmdkit/app.go:173.35,175.4 1 0
go.cipher.host/cmdkit/app.go:177.3,177.31 1 0
go.cipher.host/cmdkit/app.go:180.2,180.16 1 1
go.cipher.host/cmdkit/app.go:180.16,184.3 2 1
go.cipher.host/cmdkit/app.go:186.2,186.19 1 1
go.cipher.host/cmdkit/app.go:186.19,190.3 2 1
go.cipher.host/cmdkit/app.go:192.2,192.21 1 1
go.cipher.host/cmdkit/app.go:192.21,193.36 1 1
go.cipher.host/cmdkit/app.go:193.36,195.4 1 1
go.cipher.host/cmdkit/app.go:198.2,198.15 1 1
go.cipher.host/cmdkit/app.go:198.15,199.21 1 1
go.cipher.host/cmdkit/app.go:199.21,201.4 1 1
go.cipher.host/cmdkit/app.go:204.2,204.25 1 1
go.cipher.host/cmdkit/app.go:204.25,208.3 2 1
go.cipher.host/cmdkit/app.go:210.2,212.33 2 1
go.cipher.host/cmdkit/app.go:212.33,213.26 1 1
go.cipher.host/cmdkit/app.go:213.26,215.4 1 1
go.cipher.host/cmdkit/app.go:218.2,218.57 1 1
go.cipher.host/cmdkit/app.go:224.50,226.2 1 1
go.cipher.host/cmdkit/app.go:229.29,231.2 1 1
go.cipher.host/cmdkit/app.go:234.26,237.25 2 1
go.cipher.host/cmdkit/app.go:237.25,239.3 1 1
go.cipher.host/cmdkit/app.go:241.2,241.25 1 1
go.cipher.host/cmdkit/app.go:241.25,249.34 3 1
go.cipher.host/cmdkit/app.go:249.34,253.4 2 1
go.cipher.host/cmdkit/app.go:255.3,257.30 2 1
go.cipher.host/cmdkit/app.go:257.30,261.4 2 1
go.cipher.host/cmdkit/app.go:263.3,263.28 1 1
go.cipher.host/cmdkit/app.go:266.2,272.25 5 1
go.cipher.host/cmdkit/app.go:272.25,275.38 2 1
go.cipher.host/cmdkit/app.go:275.38,277.4 1 1
go.cipher.host/cmdkit/app.go:279.3,279.28 1 1
go.cipher.host/cmdkit/app.go:282.2,282.105 1 1
go.cipher.host/cmdkit/command.go:78.59,93.2 6 1
go.cipher.host/cmdkit/command.go:99.56,100.41 1 1
go.cipher.host/cmdkit/command.go:100.41,106.3 1 1
go.cipher.host/cmdkit/command.go:113.44,116.44 2 1
go.cipher.host/cmdkit/command.go:116.44,117.35 1 0
go.cipher.host/cmdkit/command.go:117.35,119.4 1 0
go.cipher.host/cmdkit/command.go:121.3,121.31 1 0
go.cipher.host/cmdkit/command.go:124.2,124.16 1 1
go.cipher.host/cmdkit/command.go:124.16,128.3 2 1
go.cipher.host/cmdkit/command.go:130.2,130.21 1 1
go.cipher.host/cmdkit/command.go:130.21,131.36 1 1
go.cipher.host/cmdkit/command.go:131.36,133.4 1 1
go.cipher.host/cmdkit/command.go:136.2,136.15 1 1
go.cipher.host/cmdkit/command.go:136.15,137.21 1 1
go.cipher.host/cmdkit/command.go:137.21,139.4 1 1
go.cipher.host/cmdkit/command.go:142.2,142.19 1 1
go.cipher.host/cmdkit/command.go:142.19,144.3 1 1
go.cipher.host/cmdkit/command.go:146.2,146.31 1 1
go.cipher.host/cmdkit/command.go:150.41,152.2 1 1
go.cipher.host/cmdkit/command.go:155.41,157.2 1 1
go.cipher.host/cmdkit/command.go:160.30,163.19 2 1
go.cipher.host/cmdkit/command.go:163.19,165.3 1 1
go.cipher.host/cmdkit/command.go:167.2,170.25 3 1
go.cipher.host/cmdkit/command.go:170.25,172.3 1 1
go.cipher.host/cmdkit/command.go:174.2,180.25 5 1
go.cipher.host/cmdkit/command.go:180.25,183.38 2 1
go.cipher.host/cmdkit/command.go:183.38,185.4 1 1
go.cipher.host/cmdkit/error.go:13.31,15.2 1 1
go.cipher.host/cmdkit/error.go:32.51,37.2 1 1
go.cipher.host/cmdkit/error.go:40.36,41.18 1 1
go.cipher.host/cmdkit/error.go:41.18,43.3 1 1
go.cipher.host/cmdkit/error.go:45.2,45.26 1 1
go.cipher.host/cmdkit/error.go:49.32,51.2 1 1
go.cipher.host/cmdkit/error.go:54.36,56.2 1 1
go.cipher.host/cmdkit/exit.go:27.22,28.16 1 1
go.cipher.host/cmdkit/exit.go:28.16,30.3 1 1
go.cipher.host/cmdkit/exit.go:32.2,32.34 1 1
go.cipher.host/cmdkit/exit.go:32.34,34.3 1 1
go.cipher.host/cmdkit/exit.go:36.2,37.24 2 1
go.cipher.host/cmdkit/exit.go:37.24,39.3 1 1
go.cipher.host/cmdkit/exit.go:41.2,41.12 1 1
go.cipher.host/cmdkit/util.go:20.34,22.2 1 1
go.cipher.host/cmdkit/util.go:37.23,41.2 2 1
go.cipher.host/cmdkit/util.go:54.53,59.33 3 1
go.cipher.host/cmdkit/util.go:59.33,60.37 1 1
go.cipher.host/cmdkit/util.go:60.37,62.4 1 1
go.cipher.host/cmdkit/util.go:64.3,65.46 2 1
go.cipher.host/cmdkit/util.go:65.46,66.46 1 1
go.cipher.host/cmdkit/util.go:66.46,68.5 1 1
go.cipher.host/cmdkit/util.go:72.2,72.29 1 1
go.cipher.host/cmdkit/util.go:88.63,89.31 1 0
go.cipher.host/cmdkit/util.go:89.31,91.17 2 0
go.cipher.host/cmdkit/util.go:91.17,93.4 1 0
go.cipher.host/cmdkit/util.go:95.3,95.19 1 0
go.cipher.host/cmdkit/util.go:98.2,98.48 1 0
go.cipher.host/cmdkit/util.go:98.48,102.3 2 0
go.cipher.host/cmdkit/util.go:104.2,104.36 1 0
go.cipher.host/cmdkit/value.go:24.39,26.2 1 1
go.cipher.host/cmdkit/value.go:31.47,35.2 2 1
